
 -----------------------------------------------
      Restrained ESP Fit 2.3  Amber 4.1
 -----------------------------------------------
 Resp charges for organic molecule                                               
 -----------------------------------------------


 inopt       =     0   ioutopt     =     1
 nmol        =     1   iqopt       =     0
 ihfree      =     1   irstrnt     =     1
 iunits      =     0   qwt         =   0.00050000
 wtmol(1) =     1.000000
 subtitle:

Resp charges for organic molecule                                               
ich =   0  iuniq =   6
    1    6    0
    2    1    0
    3    1    0
    4    1    0
    5    8    0
    6    1    0

  ----------------------------------------------------------------------------
     ATOM                       COORDINATES                         CHARGE
                       X             Y                Z
  ----------------------------------------------------------------------------
  ----------------------------------------------------------------------------


 Charge on the molecule(ich) =    0
 Total number of atoms (iuniq)     =    6
 Weight factor on initial charge restraints(qwt)=     0.50000D-03


  there are  1 charge constraints:


     1       1
     2       1
     3       1
     4       1
     5       1
     6       1

 Reading esp"s for molecule   1
 total number of atoms      =     6
 total number of esp points =  2644


 center     X       Y       Z 
    1  -0.1238558E+01  -0.3722571E-01   0.0000000E+00
    2  -0.2034772E+01   0.1844081E+01  -0.7558904E-05
    3  -0.1913009E+01  -0.1027155E+01   0.1669673E+01
    4  -0.1913009E+01  -0.1027166E+01  -0.1669667E+01
    5   0.1392350E+01   0.2279879E+00   0.0000000E+00
    6   0.2153345E+01  -0.1390307E+01  -0.1889726E-05
 Initial ssvpot =     0.724


 Number of unique UNfrozen centers=    6

 Non-linear optimization requested.
 qchnge =    0.1415896594    
 qchnge =    0.1767538813E-02
 qchnge =    0.7149698024E-04
 qchnge =    0.2977005513E-05
 qchnge =    0.1241034047E-06

 Convergence in    4 iterations


Resp charges for organic molecule                                               

          Point Charges Before & After Optimization

    no.  At.no.    q(init)       q(opt)     ivary    d(rstr)/dq
    1   6       0.000000       0.251088      0       0.001850
    2   1       0.000000       0.045003      0       0.000000
    3   1       0.000000      -0.020177      0       0.000000
    4   1       0.000000      -0.020178      0       0.000000
    5   8       0.000000      -0.682354      0       0.000725
    6   1       0.000000       0.426618      0       0.000000

 Sum over the calculated charges:     -0.000

        Statistics of the fitting:
  The initial sum of squares (ssvpot)                      0.724
  The residual sum of squares (chipot)                     0.011
  The std err of estimate (sqrt(chipot/N))               0.00207
  ESP relative RMS (SQRT(chipot/ssvpot))                 0.12528

 Center of Mass (Angst.):

 X  =   0.00000      Y  =   0.00000      Z  =   0.00000

 Dipole (Debye):

 X  =  -0.90685      Y  =  -1.61048      Z  =  -0.00000

 Dipole Moment (Debye)=   1.84824

 Quadrupole (Debye*Angst.):

 Qxx =   1.84386     QYY =   1.12081     QZZ =  -2.96467
 Qxy =  -9.49313     QXZ =  -2.51072     QYZ =  -2.51071
